Archive member included because of file (symbol)

c:/davev4-64bit/dave-4.3.2/eclipse/arm-gcc-49/bin/../lib/gcc/arm-none-eabi/4.9.3/armv6-m\libgcc.a(_udivsi3.o)
                              ./freemodbus-v1.5.0/modbus/rtu/mbrtu.o (__aeabi_uidiv)
c:/davev4-64bit/dave-4.3.2/eclipse/arm-gcc-49/bin/../lib/gcc/arm-none-eabi/4.9.3/armv6-m\libgcc.a(_divsi3.o)
                              ./Libraries/XMCLib/src/xmc1_scu.o (__aeabi_idiv)
c:/davev4-64bit/dave-4.3.2/eclipse/arm-gcc-49/bin/../lib/gcc/arm-none-eabi/4.9.3/armv6-m\libgcc.a(_dvmd_tls.o)
                              c:/davev4-64bit/dave-4.3.2/eclipse/arm-gcc-49/bin/../lib/gcc/arm-none-eabi/4.9.3/armv6-m\libgcc.a(_udivsi3.o) (__aeabi_idiv0)
c:/davev4-64bit/dave-4.3.2/eclipse/arm-gcc-49/bin/../lib/gcc/arm-none-eabi/4.9.3/../../../../arm-none-eabi/lib/armv6-m\libg_nano.a(lib_a-errno.o)
                              ./Libraries/Newlib/syscalls.o (__errno)
c:/davev4-64bit/dave-4.3.2/eclipse/arm-gcc-49/bin/../lib/gcc/arm-none-eabi/4.9.3/../../../../arm-none-eabi/lib/armv6-m\libg_nano.a(lib_a-impure.o)
                              c:/davev4-64bit/dave-4.3.2/eclipse/arm-gcc-49/bin/../lib/gcc/arm-none-eabi/4.9.3/../../../../arm-none-eabi/lib/armv6-m\libg_nano.a(lib_a-errno.o) (_impure_ptr)
c:/davev4-64bit/dave-4.3.2/eclipse/arm-gcc-49/bin/../lib/gcc/arm-none-eabi/4.9.3/../../../../arm-none-eabi/lib/armv6-m\libg_nano.a(lib_a-init.o)
                              ./Startup/startup_XMC1100.o (__libc_init_array)
c:/davev4-64bit/dave-4.3.2/eclipse/arm-gcc-49/bin/../lib/gcc/arm-none-eabi/4.9.3/../../../../arm-none-eabi/lib/armv6-m\libg_nano.a(lib_a-memcpy.o)
                              ./freemodbus-v1.5.0/modbus/functions/mbfuncother.o (memcpy)

Allocating common symbols
Common symbol       size              file

pxMBFrameCBTransmitterEmpty
                    0x4               ./freemodbus-v1.5.0/modbus/mb.o
pxMBPortCBTimerExpired
                    0x4               ./freemodbus-v1.5.0/modbus/mb.o
ucRTUBuf            0x100             ./freemodbus-v1.5.0/modbus/rtu/mbrtu.o
pxMBFrameCBByteReceived
                    0x4               ./freemodbus-v1.5.0/modbus/mb.o
pxMBFrameCBTransmitFSMCur
                    0x4               ./freemodbus-v1.5.0/modbus/mb.o
tx_pin_config       0x8               ./FF_Main.o
pxMBFrameCBReceiveFSMCur
                    0x4               ./freemodbus-v1.5.0/modbus/mb.o
rx_pin_config       0x8               ./FF_Main.o

Discarded input sections

 .text          0x00000000        0x0 ./freemodbus-v1.5.0/port/portevent.o
 .data          0x00000000        0x0 ./freemodbus-v1.5.0/port/portevent.o
 .bss           0x00000000        0x0 ./freemodbus-v1.5.0/port/portevent.o
 .comment       0x00000000       0x71 ./freemodbus-v1.5.0/port/portevent.o
 .text          0x00000000        0x0 ./freemodbus-v1.5.0/port/portserial.o
 .data          0x00000000        0x0 ./freemodbus-v1.5.0/port/portserial.o
 .bss           0x00000000        0x0 ./freemodbus-v1.5.0/port/portserial.o
 .text.vMBPortClose
                0x00000000        0x4 ./freemodbus-v1.5.0/port/portserial.o
 .comment       0x00000000       0x71 ./freemodbus-v1.5.0/port/portserial.o
 .text          0x00000000        0x0 ./freemodbus-v1.5.0/port/porttcp.o
 .data          0x00000000        0x0 ./freemodbus-v1.5.0/port/porttcp.o
 .bss           0x00000000        0x0 ./freemodbus-v1.5.0/port/porttcp.o
 .debug_line    0x00000000        0x0 ./freemodbus-v1.5.0/port/porttcp.o
 .debug_str     0x00000000      0x107 ./freemodbus-v1.5.0/port/porttcp.o
 .comment       0x00000000       0x71 ./freemodbus-v1.5.0/port/porttcp.o
 .ARM.attributes
                0x00000000       0x31 ./freemodbus-v1.5.0/port/porttcp.o
 .text          0x00000000        0x0 ./freemodbus-v1.5.0/port/porttimer.o
 .data          0x00000000        0x0 ./freemodbus-v1.5.0/port/porttimer.o
 .bss           0x00000000        0x0 ./freemodbus-v1.5.0/port/porttimer.o
 .comment       0x00000000       0x71 ./freemodbus-v1.5.0/port/porttimer.o
 .text          0x00000000        0x0 ./freemodbus-v1.5.0/modbus/tcp/mbtcp.o
 .data          0x00000000        0x0 ./freemodbus-v1.5.0/modbus/tcp/mbtcp.o
 .bss           0x00000000        0x0 ./freemodbus-v1.5.0/modbus/tcp/mbtcp.o
 .debug_info    0x00000000       0x72 ./freemodbus-v1.5.0/modbus/tcp/mbtcp.o
 .debug_abbrev  0x00000000       0x26 ./freemodbus-v1.5.0/modbus/tcp/mbtcp.o
 .debug_aranges
                0x00000000       0x18 ./freemodbus-v1.5.0/modbus/tcp/mbtcp.o
 .debug_line    0x00000000       0x1d ./freemodbus-v1.5.0/modbus/tcp/mbtcp.o
 .debug_str     0x00000000      0x19d ./freemodbus-v1.5.0/modbus/tcp/mbtcp.o
 .comment       0x00000000       0x71 ./freemodbus-v1.5.0/modbus/tcp/mbtcp.o
 .ARM.attributes
                0x00000000       0x31 ./freemodbus-v1.5.0/modbus/tcp/mbtcp.o
 .text          0x00000000        0x0 ./freemodbus-v1.5.0/modbus/rtu/mbcrc.o
 .data          0x00000000        0x0 ./freemodbus-v1.5.0/modbus/rtu/mbcrc.o
[...]
Memory Configuration

Name             Origin             Length             Attributes
FLASH            0x10001000         0x00010000         xr
SRAM             0x20000000         0x00004000         !xr
*default*        0x00000000         0xffffffff

Linker script and memory map

LOAD ./freemodbus-v1.5.0/port/portevent.o
LOAD ./freemodbus-v1.5.0/port/portserial.o
LOAD ./freemodbus-v1.5.0/port/porttcp.o
LOAD ./freemodbus-v1.5.0/port/porttimer.o
LOAD ./freemodbus-v1.5.0/modbus/tcp/mbtcp.o
LOAD ./freemodbus-v1.5.0/modbus/rtu/mbcrc.o
LOAD ./freemodbus-v1.5.0/modbus/rtu/mbrtu.o
LOAD ./freemodbus-v1.5.0/modbus/functions/mbfunccoils.o
LOAD ./freemodbus-v1.5.0/modbus/functions/mbfuncdiag.o
LOAD ./freemodbus-v1.5.0/modbus/functions/mbfuncdisc.o
LOAD ./freemodbus-v1.5.0/modbus/functions/mbfuncholding.o
LOAD ./freemodbus-v1.5.0/modbus/functions/mbfuncinput.o
LOAD ./freemodbus-v1.5.0/modbus/functions/mbfuncother.o
LOAD ./freemodbus-v1.5.0/modbus/functions/mbutils.o
LOAD ./freemodbus-v1.5.0/modbus/ascii/mbascii.o
LOAD ./freemodbus-v1.5.0/modbus/mb.o
LOAD ./Startup/startup_XMC1100.o
LOAD ./Startup/system_XMC1100.o
LOAD ./Libraries/XMCLib/src/xmc1_eru.o
LOAD ./Libraries/XMCLib/src/xmc1_flash.o
LOAD ./Libraries/XMCLib/src/xmc1_gpio.o
LOAD ./Libraries/XMCLib/src/xmc1_rtc.o
LOAD ./Libraries/XMCLib/src/xmc1_scu.o
LOAD ./Libraries/XMCLib/src/xmc_acmp.o
LOAD ./Libraries/XMCLib/src/xmc_bccu.o
LOAD ./Libraries/XMCLib/src/xmc_can.o
LOAD ./Libraries/XMCLib/src/xmc_ccu4.o
LOAD ./Libraries/XMCLib/src/xmc_ccu8.o
LOAD ./Libraries/XMCLib/src/xmc_common.o
LOAD ./Libraries/XMCLib/src/xmc_eru.o
LOAD ./Libraries/XMCLib/src/xmc_gpio.o
LOAD ./Libraries/XMCLib/src/xmc_i2c.o
LOAD ./Libraries/XMCLib/src/xmc_i2s.o
LOAD ./Libraries/XMCLib/src/xmc_ledts.o
LOAD ./Libraries/XMCLib/src/xmc_math.o
LOAD ./Libraries/XMCLib/src/xmc_pau.o
LOAD ./Libraries/XMCLib/src/xmc_posif.o
LOAD ./Libraries/XMCLib/src/xmc_prng.o
LOAD ./Libraries/XMCLib/src/xmc_rtc.o
LOAD ./Libraries/XMCLib/src/xmc_spi.o
LOAD ./Libraries/XMCLib/src/xmc_uart.o
LOAD ./Libraries/XMCLib/src/xmc_usic.o
LOAD ./Libraries/XMCLib/src/xmc_vadc.o
LOAD ./Libraries/XMCLib/src/xmc_wdt.o
LOAD ./Libraries/Newlib/syscalls.o
LOAD ./FF_Main.o
LOAD ./modbus_if.o
LOAD c:/davev4-64bit/dave-4.3.2/eclipse/arm-gcc-49/bin/../lib/gcc/arm-none-eabi/4.9.3/../../../../arm-none-eabi/lib/armv6-m\libm.a
START GROUP
LOAD c:/davev4-64bit/dave-4.3.2/eclipse/arm-gcc-49/bin/../lib/gcc/arm-none-eabi/4.9.3/armv6-m\libgcc.a
LOAD c:/davev4-64bit/dave-4.3.2/eclipse/arm-gcc-49/bin/../lib/gcc/arm-none-eabi/4.9.3/../../../../arm-none-eabi/lib/armv6-m\libg_nano.a
LOAD c:/davev4-64bit/dave-4.3.2/eclipse/arm-gcc-49/bin/../lib/gcc/arm-none-eabi/4.9.3/../../../../arm-none-eabi/lib/armv6-m\libc_nano.a
END GROUP
START GROUP
LOAD c:/davev4-64bit/dave-4.3.2/eclipse/arm-gcc-49/bin/../lib/gcc/arm-none-eabi/4.9.3/armv6-m\libgcc.a
LOAD c:/davev4-64bit/dave-4.3.2/eclipse/arm-gcc-49/bin/../lib/gcc/arm-none-eabi/4.9.3/../../../../arm-none-eabi/lib/armv6-m\libc_nano.a
LOAD c:/davev4-64bit/dave-4.3.2/eclipse/arm-gcc-49/bin/../lib/gcc/arm-none-eabi/4.9.3/../../../../arm-none-eabi/lib/armv6-m\libnosys.a
END GROUP
START GROUP
LOAD c:/davev4-64bit/dave-4.3.2/eclipse/arm-gcc-49/bin/../lib/gcc/arm-none-eabi/4.9.3/armv6-m\libgcc.a
LOAD c:/davev4-64bit/dave-4.3.2/eclipse/arm-gcc-49/bin/../lib/gcc/arm-none-eabi/4.9.3/../../../../arm-none-eabi/lib/armv6-m\libc_nano.a
LOAD c:/davev4-64bit/dave-4.3.2/eclipse/arm-gcc-49/bin/../lib/gcc/arm-none-eabi/4.9.3/../../../../arm-none-eabi/lib/armv6-m\libnosys.a
END GROUP
                0x00000400                stack_size = DEFINED (stack_size)?stack_size:0x400
                0x00000004                no_init_size = 0x4

.text           0x10001000     0x200c
                0x10001000                sText = .
 *(.reset)
 .reset         0x10001000       0x9c ./Startup/startup_XMC1100.o
                0x10001000                __Vectors
                0x10001018                Reset_Handler
                0x10001098                USIC0_5_IRQHandler
                0x10001098                HardFault_Handler
                0x10001098                PendSV_Handler
                0x10001098                VADC0_C0_0_IRQHandler
                0x10001098                SCU_0_IRQHandler
                0x10001098                ERU0_0_IRQHandler
                0x10001098                ERU0_2_IRQHandler
                0x10001098                ERU0_3_IRQHandler
                0x10001098                CCU40_2_IRQHandler
                0x10001098                VADC0_C0_1_IRQHandler
                0x10001098                SVC_Handler
                0x10001098                USIC0_3_IRQHandler
                0x10001098                CCU40_1_IRQHandler
                0x10001098                SCU_2_IRQHandler
                0x10001098                USIC0_1_IRQHandler
                0x10001098                CCU40_3_IRQHandler
                0x10001098                USIC0_4_IRQHandler
                0x10001098                SCU_1_IRQHandler
                0x10001098                ERU0_1_IRQHandler
                0x10001098                USIC0_2_IRQHandler
 *(.text .text.* .gnu.linkonce.t.*)
 .text.xMBPortEventInit
                0x1000109c       0x10 ./freemodbus-v1.5.0/port/portevent.o
                0x1000109c                xMBPortEventInit
 .text.xMBPortEventPost
                0x100010ac       0x18 ./freemodbus-v1.5.0/port/portevent.o
                0x100010ac                xMBPortEventPost
 .text.xMBPortEventGet
                0x100010c4       0x24 ./freemodbus-v1.5.0/port/portevent.o
                0x100010c4                xMBPortEventGet
 .text.MB_register_UART
                0x100010e8        0xc ./freemodbus-v1.5.0/port/portserial.o
                0x100010e8                MB_register_UART
 .text.vMBPortSerialEnable
                0x100010f4       0x50 ./freemodbus-v1.5.0/port/portserial.o
                0x100010f4                vMBPortSerialEnable
 .text.xMBPortSerialInit
                0x10001144       0xb4 ./freemodbus-v1.5.0/port/portserial.o
                0x10001144                xMBPortSerialInit
 .text.xMBPortSerialPutByte
                0x100011f8       0x20 ./freemodbus-v1.5.0/port/portserial.o
                0x100011f8                xMBPortSerialPutByte
 .text.xMBPortSerialGetByte
                0x10001218       0x28 ./freemodbus-v1.5.0/port/portserial.o
                0x10001218                xMBPortSerialGetByte
 .text.MB_RxHandler
                0x10001240       0x10 ./freemodbus-v1.5.0/port/portserial.o
                0x10001240                MB_RxHandler
 .text.MB_TxHandler
                0x10001250       0x10 ./freemodbus-v1.5.0/port/portserial.o
                0x10001250                MB_TxHandler
 .text.CCU40_0_IRQHandler
                0x10001260       0x10 ./freemodbus-v1.5.0/port/porttimer.o
                0x10001260                CCU40_0_IRQHandler
 .text.xMBPortTimersInit
                0x10001270        0x4 ./freemodbus-v1.5.0/port/porttimer.o
                0x10001270                xMBPortTimersInit
 .text.vMBPortTimersEnable
                0x10001274       0x24 ./freemodbus-v1.5.0/port/porttimer.o
                0x10001274                vMBPortTimersEnable
 .text.vMBPortTimersDisable
                0x10001298       0x24 ./freemodbus-v1.5.0/port/porttimer.o
                0x10001298                vMBPortTimersDisable
 .text.usMBCRC16
                0x100012bc       0x30 ./freemodbus-v1.5.0/modbus/rtu/mbcrc.o
                0x100012bc                usMBCRC16
 .text.eMBRTUInit
                0x100012ec       0x44 ./freemodbus-v1.5.0/modbus/rtu/mbrtu.o
                0x100012ec                eMBRTUInit
 .text.eMBRTUStart
                0x10001330       0x20 ./freemodbus-v1.5.0/modbus/rtu/mbrtu.o
                0x10001330                eMBRTUStart
 .text.eMBRTUStop
                0x10001350       0x14 ./freemodbus-v1.5.0/modbus/rtu/mbrtu.o
                0x10001350                eMBRTUStop
 .text.eMBRTUReceive
                0x10001364       0x4c ./freemodbus-v1.5.0/modbus/rtu/mbrtu.o
                0x10001364                eMBRTUReceive
 .text.eMBRTUSend
                0x100013b0       0x78 ./freemodbus-v1.5.0/modbus/rtu/mbrtu.o
                0x100013b0                eMBRTUSend
 .text.xMBRTUReceiveFSM
                0x10001428       0x90 ./freemodbus-v1.5.0/modbus/rtu/mbrtu.o
                0x10001428                xMBRTUReceiveFSM
 .text.xMBRTUTransmitFSM
                0x100014b8       0x74 ./freemodbus-v1.5.0/modbus/rtu/mbrtu.o
                0x100014b8                xMBRTUTransmitFSM
 .text.xMBRTUTimerT35Expired
                0x1000152c       0x3c ./freemodbus-v1.5.0/modbus/rtu/mbrtu.o
                0x1000152c                xMBRTUTimerT35Expired
 .text.eMBFuncReadCoils
                0x10001568       0x7c ./freemodbus-v1.5.0/modbus/functions/mbfunccoils.o
                0x10001568                eMBFuncReadCoils
 .text.eMBFuncWriteCoil
                0x100015e4       0x64 ./freemodbus-v1.5.0/modbus/functions/mbfunccoils.o
                0x100015e4                eMBFuncWriteCoil
 .text.eMBFuncWriteMultipleCoils
                0x10001648       0x6c ./freemodbus-v1.5.0/modbus/functions/mbfunccoils.o
                0x10001648                eMBFuncWriteMultipleCoils
 .text.eMBFuncReadDiscreteInputs
                0x100016b4       0x78 ./freemodbus-v1.5.0/modbus/functions/mbfuncdisc.o
                0x100016b4                eMBFuncReadDiscreteInputs
 .text.eMBFuncWriteHoldingRegister
                0x1000172c       0x30 ./freemodbus-v1.5.0/modbus/functions/mbfuncholding.o
                0x1000172c                eMBFuncWriteHoldingRegister
 .text.eMBFuncWriteMultipleHoldingRegister
                0x1000175c       0x58 ./freemodbus-v1.5.0/modbus/functions/mbfuncholding.o
                0x1000175c                eMBFuncWriteMultipleHoldingRegister
 .text.eMBFuncReadHoldingRegister
                0x100017b4       0x68 ./freemodbus-v1.5.0/modbus/functions/mbfuncholding.o
                0x100017b4                eMBFuncReadHoldingRegister
 .text.eMBFuncReadWriteMultipleHoldingRegister
                0x1000181c       0xac ./freemodbus-v1.5.0/modbus/functions/mbfuncholding.o
                0x1000181c                eMBFuncReadWriteMultipleHoldingRegister
 .text.eMBFuncReadInputRegister
                0x100018c8       0x68 ./freemodbus-v1.5.0/modbus/functions/mbfuncinput.o
                0x100018c8                eMBFuncReadInputRegister
 .text.eMBFuncReportSlaveID
                0x10001930       0x24 ./freemodbus-v1.5.0/modbus/functions/mbfuncother.o
                0x10001930                eMBFuncReportSlaveID
 .text.xMBUtilSetBits
                0x10001954       0x3c ./freemodbus-v1.5.0/modbus/functions/mbutils.o
                0x10001954                xMBUtilSetBits
 .text.xMBUtilGetBits
                0x10001990       0x24 ./freemodbus-v1.5.0/modbus/functions/mbutils.o
                0x10001990                xMBUtilGetBits
 .text.prveMBError2Exception
                0x100019b4       0x20 ./freemodbus-v1.5.0/modbus/functions/mbutils.o
                0x100019b4                prveMBError2Exception
 .text.prvucMBCHAR2BIN
                0x100019d4       0x1c ./freemodbus-v1.5.0/modbus/ascii/mbascii.o
 .text.prvucMBBIN2CHAR
                0x100019f0       0x1c ./freemodbus-v1.5.0/modbus/ascii/mbascii.o
 .text.prvucMBLRC
                0x10001a0c       0x1c ./freemodbus-v1.5.0/modbus/ascii/mbascii.o
 .text.eMBASCIIInit
                0x10001a28       0x38 ./freemodbus-v1.5.0/modbus/ascii/mbascii.o
                0x10001a28                eMBASCIIInit
 .text.eMBASCIIStart
                0x10001a60       0x20 ./freemodbus-v1.5.0/modbus/ascii/mbascii.o
                0x10001a60                eMBASCIIStart
 .text.eMBASCIIStop
                0x10001a80       0x14 ./freemodbus-v1.5.0/modbus/ascii/mbascii.o
                0x10001a80                eMBASCIIStop
 .text.eMBASCIIReceive
                0x10001a94       0x4c ./freemodbus-v1.5.0/modbus/ascii/mbascii.o
                0x10001a94                eMBASCIIReceive
 .text.eMBASCIISend
                0x10001ae0       0x68 ./freemodbus-v1.5.0/modbus/ascii/mbascii.o
                0x10001ae0                eMBASCIISend
 .text.xMBASCIIReceiveFSM
                0x10001b48      0x138 ./freemodbus-v1.5.0/modbus/ascii/mbascii.o
                0x10001b48                xMBASCIIReceiveFSM
 .text.xMBASCIITransmitFSM
                0x10001c80       0xfc ./freemodbus-v1.5.0/modbus/ascii/mbascii.o
                0x10001c80                xMBASCIITransmitFSM
 .text.xMBASCIITimerT1SExpired
                0x10001d7c       0x20 ./freemodbus-v1.5.0/modbus/ascii/mbascii.o
                0x10001d7c                xMBASCIITimerT1SExpired
 .text.eMBInit  0x10001d9c      0x128 ./freemodbus-v1.5.0/modbus/mb.o
                0x10001d9c                eMBInit
 .text.eMBEnable
                0x10001ec4       0x28 ./freemodbus-v1.5.0/modbus/mb.o
                0x10001ec4                eMBEnable
 .text.eMBPoll  0x10001eec      0x110 ./freemodbus-v1.5.0/modbus/mb.o
                0x10001eec                eMBPoll
 .text.SystemCoreSetup
                0x10001ffc       0x20 ./Startup/system_XMC1100.o
                0x10001ffc                SystemCoreSetup
 .text.SystemCoreClockUpdate
                0x1000201c       0x50 ./Startup/system_XMC1100.o
                0x1000201c                SystemCoreClockUpdate
 .text.SystemCoreClockSetup
                0x1000206c       0x30 ./Startup/system_XMC1100.o
                0x1000206c                SystemCoreClockSetup
 .text.SystemInit
                0x1000209c        0xc ./Startup/system_XMC1100.o
                0x1000209c                SystemInit
 .text.XMC_GPIO_Init
                0x100020a8       0x88 ./Libraries/XMCLib/src/xmc1_gpio.o
                0x100020a8                XMC_GPIO_Init
 .text.XMC_SCU_CLOCK_lFrequencyUpScaling
                0x10002130       0x34 ./Libraries/XMCLib/src/xmc1_scu.o
 .text.XMC_SCU_CLOCK_lFrequencyDownScaling
                0x10002164       0x3c ./Libraries/XMCLib/src/xmc1_scu.o
 .text.XMC_SCU_LockProtectedBits
                0x100021a0        0xc ./Libraries/XMCLib/src/xmc1_scu.o
                0x100021a0                XMC_SCU_LockProtectedBits
 .text.XMC_SCU_UnlockProtectedBits
                0x100021ac       0x14 ./Libraries/XMCLib/src/xmc1_scu.o
                0x100021ac                XMC_SCU_UnlockProtectedBits
 .text.XMC_SCU_CLOCK_UngatePeripheralClock
                0x100021c0       0x24 ./Libraries/XMCLib/src/xmc1_scu.o
                0x100021c0                XMC_SCU_CLOCK_UngatePeripheralClock
 .text.XMC_SCU_CLOCK_ScaleMCLKFrequency
                0x100021e4       0x70 ./Libraries/XMCLib/src/xmc1_scu.o
                0x100021e4                XMC_SCU_CLOCK_ScaleMCLKFrequency
 .text.XMC_SCU_CLOCK_Init
                0x10002254       0x30 ./Libraries/XMCLib/src/xmc1_scu.o
                0x10002254                XMC_SCU_CLOCK_Init
 .text.XMC_SCU_CLOCK_GetPeripheralClockFrequency
                0x10002284        0xc ./Libraries/XMCLib/src/xmc1_scu.o
                0x10002284                XMC_SCU_CLOCK_GetPeripheralClockFrequency
 .text.XMC_CCU4_EnableModule
                0x10002290       0x14 ./Libraries/XMCLib/src/xmc_ccu4.o
                0x10002290                XMC_CCU4_EnableModule
 .text.XMC_CCU4_Init
                0x100022a4       0x28 ./Libraries/XMCLib/src/xmc_ccu4.o
                0x100022a4                XMC_CCU4_Init
 .text.XMC_CCU4_SetModuleClock
                0x100022cc       0x10 ./Libraries/XMCLib/src/xmc_ccu4.o
                0x100022cc                XMC_CCU4_SetModuleClock
 .text.XMC_CCU4_SLICE_CompareInit
                0x100022dc       0x30 ./Libraries/XMCLib/src/xmc_ccu4.o
                0x100022dc                XMC_CCU4_SLICE_CompareInit
 .text.XMC_CCU4_SLICE_SetInterruptNode
                0x1000230c       0x44 ./Libraries/XMCLib/src/xmc_ccu4.o
                0x1000230c                XMC_CCU4_SLICE_SetInterruptNode
 .text.XMC_UART_CH_Init
                0x10002350       0x74 ./Libraries/XMCLib/src/xmc_uart.o
                0x10002350                XMC_UART_CH_Init
 .text.XMC_UART_CH_Transmit
                0x100023c4       0x28 ./Libraries/XMCLib/src/xmc_uart.o
                0x100023c4                XMC_UART_CH_Transmit
 .text.XMC_UART_CH_GetReceivedData
                0x100023ec       0x20 ./Libraries/XMCLib/src/xmc_uart.o
                0x100023ec                XMC_UART_CH_GetReceivedData
 .text.XMC_UART_CH_EnableEvent
                0x1000240c       0x18 ./Libraries/XMCLib/src/xmc_uart.o
                0x1000240c                XMC_UART_CH_EnableEvent
 .text.XMC_USIC_CH_SetBaudrate
                0x10002424       0xa4 ./Libraries/XMCLib/src/xmc_usic.o
                0x10002424                XMC_USIC_CH_SetBaudrate
 .text.XMC_USIC_Enable
                0x100024c8       0x14 ./Libraries/XMCLib/src/xmc_usic.o
                0x100024c8                XMC_USIC_Enable
 .text.XMC_USIC_CH_Enable
                0x100024dc       0x34 ./Libraries/XMCLib/src/xmc_usic.o
                0x100024dc                XMC_USIC_CH_Enable
 .text._init    0x10002510        0x4 ./Libraries/Newlib/syscalls.o
                0x10002510                _init
 .text.SysTick_Handler
                0x10002514       0x28 ./FF_Main.o
                0x10002514                SysTick_Handler
 .text.SetUpGPIO
                0x1000253c      0x11c ./FF_Main.o
                0x1000253c                SetUpGPIO
 .text.ReverseBits
                0x10002658       0x28 ./FF_Main.o
                0x10002658                ReverseBits
 .text.ReadDipSwitch
                0x10002680       0x18 ./FF_Main.o
                0x10002680                ReadDipSwitch
 .text.__delay_ms
                0x10002698       0x20 ./FF_Main.o
                0x10002698                __delay_ms
 .text.main     0x100026b8      0x164 ./FF_Main.o
                0x100026b8                main
 .text.USIC0_0_IRQHandler
                0x1000281c       0x54 ./FF_Main.o
                0x1000281c                USIC0_0_IRQHandler
 .text.eMBRegInputCB
                0x10002870       0x28 ./modbus_if.o
                0x10002870                eMBRegInputCB
 .text.eMBRegHoldingCB
                0x10002898       0x78 ./modbus_if.o
                0x10002898                eMBRegHoldingCB
 .text.eMBRegCoilsCB
                0x10002910       0xa8 ./modbus_if.o
                0x10002910                eMBRegCoilsCB
 .text.eMBRegDiscreteCB
                0x100029b8       0x68 ./modbus_if.o
                0x100029b8                eMBRegDiscreteCB
 .text.mb_stack_task
                0x10002a20        0x8 ./modbus_if.o
                0x10002a20                mb_stack_task
 .text.clr_pin  0x10002a28       0x30 ./modbus_if.o
                0x10002a28                clr_pin
 .text.set_pin  0x10002a58       0x2c ./modbus_if.o
                0x10002a58                set_pin
 .text.ff_setup
                0x10002a84       0x18 ./modbus_if.o
                0x10002a84                ff_setup
 .text.ff_check_position
                0x10002a9c      0x148 ./modbus_if.o
                0x10002a9c                ff_check_position
 .text.voManualSetPosition
                0x10002be4       0x10 ./modbus_if.o
                0x10002be4                voManualSetPosition
 .text.voService
                0x10002bf4       0x18 ./modbus_if.o
                0x10002bf4                voService
 .text          0x10002c0c      0x120 c:/davev4-64bit/dave-4.3.2/eclipse/arm-gcc-49/bin/../lib/gcc/arm-none-eabi/4.9.3/armv6-m\libgcc.a(_udivsi3.o)
                0x10002c0c                __aeabi_uidiv
                0x10002c0c                __udivsi3
                0x10002d18                __aeabi_uidivmod
 .text          0x10002d2c        0x4 c:/davev4-64bit/dave-4.3.2/eclipse/arm-gcc-49/bin/../lib/gcc/arm-none-eabi/4.9.3/armv6-m\libgcc.a(_dvmd_tls.o)
                0x10002d2c                __aeabi_idiv0
                0x10002d2c                __aeabi_ldiv0
 .text.__libc_init_array
                0x10002d30       0x4c c:/davev4-64bit/dave-4.3.2/eclipse/arm-gcc-49/bin/../lib/gcc/arm-none-eabi/4.9.3/../../../../arm-none-eabi/lib/armv6-m\libg_nano.a(lib_a-init.o)
                0x10002d30                __libc_init_array
 .text.memcpy   0x10002d7c       0x12 c:/davev4-64bit/dave-4.3.2/eclipse/arm-gcc-49/bin/../lib/gcc/arm-none-eabi/4.9.3/../../../../arm-none-eabi/lib/armv6-m\libg_nano.a(lib_a-memcpy.o)
                0x10002d7c                memcpy
 *(.init)
 *(.fini)
 *crtbegin.o(.ctors)
 *crtbegin?.o(.ctors)
 *(EXCLUDE_FILE(*crtend.o *crtend?.o) .ctors)
 *(SORT(.ctors.*))
 *(.ctors)
 *crtbegin.o(.dtors)
 *crtbegin?.o(.dtors)
 *(EXCLUDE_FILE(*crtend.o *crtend?.o) .dtors)
 *(SORT(.dtors.*))
 *(.dtors)
 *(.rodata .rodata.*)
 *fill*         0x10002d8e        0x2 
 .rodata.aucCRCLo
                0x10002d90      0x100 ./freemodbus-v1.5.0/modbus/rtu/mbcrc.o
 .rodata.aucCRCHi
                0x10002e90      0x100 ./freemodbus-v1.5.0/modbus/rtu/mbcrc.o
 .rodata.xMBASCIITransmitFSM
                0x10002f90       0x14 ./freemodbus-v1.5.0/modbus/ascii/mbascii.o
 .rodata.XMC_CCU4_SLICE_SetInterruptNode
                0x10002fa4       0x28 ./Libraries/XMCLib/src/xmc_ccu4.o
 .rodata        0x10002fcc       0x18 ./FF_Main.o
 .rodata.clock_config
                0x10002fe4        0xc ./FF_Main.o
                0x10002fe4                clock_config
 .rodata.ff_check_position
                0x10002ff0       0x1c ./modbus_if.o
 *(.gnu.linkonce.r*)
 *(vtable)
                0x1000300c                . = ALIGN (0x4)

.glue_7         0x1000300c        0x0
 .glue_7        0x00000000        0x0 linker stubs

.glue_7t        0x1000300c        0x0
 .glue_7t       0x00000000        0x0 linker stubs

.vfp11_veneer   0x1000300c        0x0
 .vfp11_veneer  0x00000000        0x0 linker stubs

.v4_bx          0x1000300c        0x0
 .v4_bx         0x00000000        0x0 linker stubs

.iplt           0x1000300c        0x0
 .iplt          0x00000000        0x0 ./freemodbus-v1.5.0/port/portevent.o

.eh_frame_hdr
 *(.eh_frame_hdr)

.eh_frame
 *(.eh_frame)

.ARM.extab
 *(.ARM.extab* .gnu.linkonce.armextab.*)
                0x1000300c                . = ALIGN (0x4)
                0x1000300c                __exidx_start = .

.ARM.exidx
 *(.ARM.exidx* .gnu.linkonce.armexidx.*)
                0x1000300c                __exidx_end = .
                0x1000300c                . = ALIGN (0x4)

.VENEER_Code    0x2000000c      0x110 load address 0x1000300c
                0x2000000c                . = ALIGN (0x4)
                0x2000000c                VeneerStart = .
 *(.XmcVeneerCode)
 .XmcVeneerCode
                0x2000000c      0x110 ./Startup/startup_XMC1100.o
                0x2000000c                HardFault_Veneer
                0x2000002c                SVC_Veneer
                0x20000038                PendSV_Veneer
                0x2000003c                SysTick_Veneer
                0x20000040                SCU_0_Veneer
                0x20000044                SCU_1_Veneer
                0x20000048                SCU_2_Veneer
                0x2000004c                SCU_3_Veneer
                0x20000050                SCU_4_Veneer
                0x20000054                SCU_5_Veneer
                0x20000058                SCU_6_Veneer
                0x20000064                USIC0_0_Veneer
                0x20000068                USIC0_1_Veneer
                0x2000006c                USIC0_2_Veneer
                0x20000070                USIC0_3_Veneer
                0x20000074                USIC0_4_Veneer
                0x20000078                USIC0_5_Veneer
                0x2000007c                VADC0_C0_0_Veneer
                0x20000080                VADC0_C0_1_Veneer
                0x20000094                CCU40_0_Veneer
                0x20000098                CCU40_1_Veneer
                0x2000009c                CCU40_2_Veneer
                0x200000a0                CCU40_3_Veneer
                0x2000011c                . = ALIGN (0x4)
                0x2000011c                VeneerEnd = .
                0x1000300c                eROData = LOADADDR (.VENEER_Code)
                0x00000110                VeneerSize = (ABSOLUTE (VeneerEnd) - ABSOLUTE (VeneerStart))

.rel.dyn        0x2000011c        0x0 load address 0x1000311c
 .rel.iplt      0x00000000        0x0 ./freemodbus-v1.5.0/port/portevent.o

Stack           0x2000011c      0x404 load address 0x00000000
                0x20000120                . = ALIGN (0x8)
 *fill*         0x2000011c        0x4 
                0x20000520                . = (. + stack_size)
 *fill*         0x20000120      0x400 
                0x20000520                __initial_sp = .

.data           0x20000520       0x8c load address 0x1000311c
                0x20000520                . = ALIGN (0x4)
                0x20000520                __data_start = .
 *(.data)
 *(.data*)
 .data.xFuncHandlers
                0x20000520       0x80 ./freemodbus-v1.5.0/modbus/mb.o
 .data.eMBState
                0x200005a0        0x1 ./freemodbus-v1.5.0/modbus/mb.o
 .data.boService
                0x200005a1        0x1 ./FF_Main.o
                0x200005a1                boService
 *fill*         0x200005a2        0x2 
 .data.compare_config
                0x200005a4        0x8 ./FF_Main.o
                0x200005a4                compare_config
 *(*.data)
 *(.gnu.linkonce.d*)
                0x200005ac                . = ALIGN (0x4)
                0x200005ac                PROVIDE (__preinit_array_start, .)
 *(.preinit_array)
                0x200005ac                PROVIDE (__preinit_array_end, .)
                0x200005ac                . = ALIGN (0x4)
                0x200005ac                PROVIDE (__init_array_start, .)
 *(SORT(.init_array.*))
 *(.init_array)
                0x200005ac                PROVIDE (__init_array_end, .)
                0x200005ac                . = ALIGN (0x4)
                0x200005ac                PROVIDE (__fini_array_start, .)
 *(SORT(.fini_array.*))
 *(.fini_array)
                0x200005ac                PROVIDE (__fini_array_end, .)
                0x200005ac                . = ALIGN (0x4)
                0x200005ac                __data_end = .
                0x1000311c                DataLoadAddr = LOADADDR (.data)
                0x0000008c                __data_size = (__data_end - __data_start)

.igot.plt       0x200005ac        0x0 load address 0x100031a8
 .igot.plt      0x00000000        0x0 ./freemodbus-v1.5.0/port/portevent.o

.ram_code       0x200005ac        0x0 load address 0x100031a8
                0x200005ac                . = ALIGN (0x4)
                0x200005ac                __ram_code_start = .
 *(.ram_code)
                0x200005ac                . = ALIGN (0x4)
                0x200005ac                __ram_code_end = .
                0x100031a8                __ram_code_load = LOADADDR (.ram_code)
                0x00000000                __ram_code_size = (__ram_code_end - __ram_code_start)
                0x000021a8                __text_size = ((((__exidx_end - sText) + VeneerSize) + __data_size) + __ram_code_size)
                0x100031a8                eText = (sText + __text_size)

.bss            0x200005ac      0x1a4 load address 0x100031a8
                0x200005ac                . = ALIGN (0x4)
                0x200005ac                __bss_start = .
 *(.bss)
 *(.bss*)
 .bss.xEventInQueue
                0x200005ac        0x1 ./freemodbus-v1.5.0/port/portevent.o
 .bss.eQueuedEvent
                0x200005ad        0x1 ./freemodbus-v1.5.0/port/portevent.o
 *fill*         0x200005ae        0x2 
 .bss.ptr_uart  0x200005b0        0x4 ./freemodbus-v1.5.0/port/portserial.o
 .bss.pucSndBufferCur
                0x200005b4        0x4 ./freemodbus-v1.5.0/modbus/rtu/mbrtu.o
 .bss.usSndBufferCount
                0x200005b8        0x2 ./freemodbus-v1.5.0/modbus/rtu/mbrtu.o
 .bss.usRcvBufferPos
                0x200005ba        0x2 ./freemodbus-v1.5.0/modbus/rtu/mbrtu.o
 .bss.eSndState
                0x200005bc        0x1 ./freemodbus-v1.5.0/modbus/rtu/mbrtu.o
 .bss.eRcvState
                0x200005bd        0x1 ./freemodbus-v1.5.0/modbus/rtu/mbrtu.o
 .bss.usMBSlaveIDLen
                0x200005be        0x2 ./freemodbus-v1.5.0/modbus/functions/mbfuncother.o
 .bss.ucMBSlaveID
                0x200005c0       0x20 ./freemodbus-v1.5.0/modbus/functions/mbfuncother.o
 .bss.pucSndBufferCur
                0x200005e0        0x4 ./freemodbus-v1.5.0/modbus/ascii/mbascii.o
 .bss.ucMBLFCharacter
                0x200005e4        0x1 ./freemodbus-v1.5.0/modbus/ascii/mbascii.o
 .bss.eBytePos  0x200005e5        0x1 ./freemodbus-v1.5.0/modbus/ascii/mbascii.o
 .bss.usSndBufferCount
                0x200005e6        0x2 ./freemodbus-v1.5.0/modbus/ascii/mbascii.o
 .bss.usRcvBufferPos
                0x200005e8        0x2 ./freemodbus-v1.5.0/modbus/ascii/mbascii.o
 .bss.eSndState
                0x200005ea        0x1 ./freemodbus-v1.5.0/modbus/ascii/mbascii.o
 .bss.eRcvState
                0x200005eb        0x1 ./freemodbus-v1.5.0/modbus/ascii/mbascii.o
 .bss.pvMBFrameStopCur
                0x200005ec        0x4 ./freemodbus-v1.5.0/modbus/mb.o
 .bss.peMBFrameReceiveCur
                0x200005f0        0x4 ./freemodbus-v1.5.0/modbus/mb.o
 .bss.pvMBFrameStartCur
                0x200005f4        0x4 ./freemodbus-v1.5.0/modbus/mb.o
 .bss.ucRcvAddress.6265
                0x200005f8        0x1 ./freemodbus-v1.5.0/modbus/mb.o
 *fill*         0x200005f9        0x3 
 .bss.peMBFrameSendCur
                0x200005fc        0x4 ./freemodbus-v1.5.0/modbus/mb.o
 .bss.ucFunctionCode.6266
                0x20000600        0x1 ./freemodbus-v1.5.0/modbus/mb.o
 .bss.eMBCurrentMode
                0x20000601        0x1 ./freemodbus-v1.5.0/modbus/mb.o
 *fill*         0x20000602        0x2 
 .bss.ucMBFrame.6264
                0x20000604        0x4 ./freemodbus-v1.5.0/modbus/mb.o
 .bss.usLength.6267
                0x20000608        0x2 ./freemodbus-v1.5.0/modbus/mb.o
 .bss.eException.6268
                0x2000060a        0x1 ./freemodbus-v1.5.0/modbus/mb.o
 .bss.ucMBAddress
                0x2000060b        0x1 ./freemodbus-v1.5.0/modbus/mb.o
 .bss.pvMBFrameCloseCur
                0x2000060c        0x4 ./freemodbus-v1.5.0/modbus/mb.o
 .bss.IDIV.4711
                0x20000610        0x4 ./Startup/system_XMC1100.o
 .bss.FDIV.4712
                0x20000614        0x4 ./Startup/system_XMC1100.o
 .bss.u8Address
                0x20000618        0x1 ./FF_Main.o
                0x20000618                u8Address
 *fill*         0x20000619        0x3 
 .bss.Delay_x   0x2000061c        0x4 ./FF_Main.o
                0x2000061c                Delay_x
 .bss.FSM_STATE.6836
                0x20000620        0x1 ./modbus_if.o
 *fill*         0x20000621        0x3 
 .bss.reg_coils_buffers
                0x20000624        0x4 ./modbus_if.o
 .bss.u32Delay.6837
                0x20000628        0x4 ./modbus_if.o
 .bss.reg_discrete_input_buffer
                0x2000062c        0x4 ./modbus_if.o
 .bss.reg_holding_buffer
                0x20000630        0x8 ./modbus_if.o
 *(COMMON)
 COMMON         0x20000638      0x100 ./freemodbus-v1.5.0/modbus/rtu/mbrtu.o
                0x20000638                ucRTUBuf
 COMMON         0x20000738       0x14 ./freemodbus-v1.5.0/modbus/mb.o
                0x20000738                pxMBFrameCBTransmitterEmpty
                0x2000073c                pxMBPortCBTimerExpired
                0x20000740                pxMBFrameCBByteReceived
                0x20000744                pxMBFrameCBTransmitFSMCur
                0x20000748                pxMBFrameCBReceiveFSMCur
 *(.gnu.linkonce.b*)
                0x2000074c                . = ALIGN (0x4)
                0x2000074c                __bss_end = .
                0x20000750                . = ALIGN (0x8)
 *fill*         0x2000074c        0x4 
                0x20000750                Heap_Bank1_Start = .
                0x000001a0                __bss_size = (__bss_end - __bss_start)

.no_init        0x20003ffc        0x4 load address 0x00003ee0
                0x20003ffc                Heap_Bank1_End = .
 *(.no_init)
 .no_init       0x20003ffc        0x4 ./Startup/system_XMC1100.o
                0x20003ffc                SystemCoreClock
                0x000038ac                Heap_Bank1_Size = (Heap_Bank1_End - Heap_Bank1_Start)
                0x00000001                ASSERT ((Heap_Bank1_Start <= Heap_Bank1_End), region SRAM overflowed no_init section)

/DISCARD/
 *(.comment)

.stab
 *(.stab)

.stabstr
 *(.stabstr)

.debug
 *(.debug)

.line
 *(.line)

.debug_srcinfo
 *(.debug_srcinfo)

.debug_sfnames
 *(.debug_sfnames)

.debug_aranges  0x00000000      0x778
 *(.debug_aranges)
 .debug_aranges
                0x00000000       0x30 ./freemodbus-v1.5.0/port/portevent.o
 .debug_aranges
                0x00000030       0x58 ./freemodbus-v1.5.0/port/portserial.o
 .debug_aranges
                0x00000088       0x38 ./freemodbus-v1.5.0/port/porttimer.o
 .debug_aranges
                0x000000c0       0x20 ./freemodbus-v1.5.0/modbus/rtu/mbcrc.o
 .debug_aranges
                0x000000e0       0x58 ./freemodbus-v1.5.0/modbus/rtu/mbrtu.o
 .debug_aranges
                0x00000138       0x30 ./freemodbus-v1.5.0/modbus/functions/mbfunccoils.o
 .debug_aranges
                0x00000168       0x20 ./freemodbus-v1.5.0/modbus/functions/mbfuncdisc.o
 .debug_aranges
                0x00000188       0x38 ./freemodbus-v1.5.0/modbus/functions/mbfuncholding.o
 .debug_aranges
                0x000001c0       0x20 ./freemodbus-v1.5.0/modbus/functions/mbfuncinput.o
 .debug_aranges
                0x000001e0       0x28 ./freemodbus-v1.5.0/modbus/functions/mbfuncother.o
 .debug_aranges
                0x00000208       0x30 ./freemodbus-v1.5.0/modbus/functions/mbutils.o
 .debug_aranges
                0x00000238       0x70 ./freemodbus-v1.5.0/modbus/ascii/mbascii.o
 .debug_aranges
                0x000002a8       0x48 ./freemodbus-v1.5.0/modbus/mb.o
 .debug_aranges
                0x000002f0       0x28 ./Startup/startup_XMC1100.o
 .debug_aranges
                0x00000318       0x38 ./Startup/system_XMC1100.o
 .debug_aranges
                0x00000350       0x28 ./Libraries/XMCLib/src/xmc1_gpio.o
 .debug_aranges
                0x00000378      0x128 ./Libraries/XMCLib/src/xmc1_scu.o
 .debug_aranges
                0x000004a0      0x108 ./Libraries/XMCLib/src/xmc_ccu4.o
 .debug_aranges
                0x000005a8       0x50 ./Libraries/XMCLib/src/xmc_uart.o
 .debug_aranges
                0x000005f8       0x80 ./Libraries/XMCLib/src/xmc_usic.o
 .debug_aranges
                0x00000678       0x28 ./Libraries/Newlib/syscalls.o
 .debug_aranges
                0x000006a0       0x58 ./FF_Main.o
 .debug_aranges
                0x000006f8       0x80 ./modbus_if.o

.debug_pubnames
 *(.debug_pubnames)

.debug_pubtypes
 *(.debug_pubtypes)

.debug_info     0x00000000     0xaf24
 *(.debug_info .gnu.linkonce.wi.*)
 .debug_info    0x00000000      0x18b ./freemodbus-v1.5.0/port/portevent.o
 .debug_info    0x0000018b      0xf10 ./freemodbus-v1.5.0/port/portserial.o
 .debug_info    0x0000109b      0x6cc ./freemodbus-v1.5.0/port/porttimer.o
 .debug_info    0x00001767      0x182 ./freemodbus-v1.5.0/modbus/rtu/mbcrc.o
 .debug_info    0x000018e9      0x7a0 ./freemodbus-v1.5.0/modbus/rtu/mbrtu.o
 .debug_info    0x00002089      0x3e9 ./freemodbus-v1.5.0/modbus/functions/mbfunccoils.o
 .debug_info    0x00002472      0x254 ./freemodbus-v1.5.0/modbus/functions/mbfuncdisc.o
 .debug_info    0x000026c6      0x4ac ./freemodbus-v1.5.0/modbus/functions/mbfuncholding.o
 .debug_info    0x00002b72      0x24b ./freemodbus-v1.5.0/modbus/functions/mbfuncinput.o
 .debug_info    0x00002dbd      0x2d8 ./freemodbus-v1.5.0/modbus/functions/mbfuncother.o
 .debug_info    0x00003095      0x2b8 ./freemodbus-v1.5.0/modbus/functions/mbutils.o
 .debug_info    0x0000334d      0x8db ./freemodbus-v1.5.0/modbus/ascii/mbascii.o
 .debug_info    0x00003c28      0x78c ./freemodbus-v1.5.0/modbus/mb.o
 .debug_info    0x000043b4       0x70 ./Startup/startup_XMC1100.o
 .debug_info    0x00004424      0x3af ./Startup/system_XMC1100.o
 .debug_info    0x000047d3      0x412 ./Libraries/XMCLib/src/xmc1_gpio.o
 .debug_info    0x00004be5      0xe44 ./Libraries/XMCLib/src/xmc1_scu.o
 .debug_info    0x00005a29     0x1536 ./Libraries/XMCLib/src/xmc_ccu4.o
 .debug_info    0x00006f5f      0x961 ./Libraries/XMCLib/src/xmc_uart.o
 .debug_info    0x000078c0      0xb27 ./Libraries/XMCLib/src/xmc_usic.o
 .debug_info    0x000083e7      0x13d ./Libraries/Newlib/syscalls.o
 .debug_info    0x00008524     0x1ed1 ./FF_Main.o
 .debug_info    0x0000a3f5      0xb2f ./modbus_if.o

.debug_abbrev   0x00000000     0x2506
 *(.debug_abbrev)
 .debug_abbrev  0x00000000       0xbb ./freemodbus-v1.5.0/port/portevent.o
 .debug_abbrev  0x000000bb      0x2de ./freemodbus-v1.5.0/port/portserial.o
 .debug_abbrev  0x00000399      0x1a2 ./freemodbus-v1.5.0/port/porttimer.o
 .debug_abbrev  0x0000053b       0xa4 ./freemodbus-v1.5.0/modbus/rtu/mbcrc.o
 .debug_abbrev  0x000005df      0x1e2 ./freemodbus-v1.5.0/modbus/rtu/mbrtu.o
 .debug_abbrev  0x000007c1      0x106 ./freemodbus-v1.5.0/modbus/functions/mbfunccoils.o
 .debug_abbrev  0x000008c7       0xe5 ./freemodbus-v1.5.0/modbus/functions/mbfuncdisc.o
 .debug_abbrev  0x000009ac       0xe5 ./freemodbus-v1.5.0/modbus/functions/mbfuncholding.o
 .debug_abbrev  0x00000a91       0xe5 ./freemodbus-v1.5.0/modbus/functions/mbfuncinput.o
 .debug_abbrev  0x00000b76       0xf5 ./freemodbus-v1.5.0/modbus/functions/mbfuncother.o
 .debug_abbrev  0x00000c6b       0xd5 ./freemodbus-v1.5.0/modbus/functions/mbutils.o
 .debug_abbrev  0x00000d40      0x1e9 ./freemodbus-v1.5.0/modbus/ascii/mbascii.o
 .debug_abbrev  0x00000f29      0x201 ./freemodbus-v1.5.0/modbus/mb.o
 .debug_abbrev  0x0000112a       0x12 ./Startup/startup_XMC1100.o
 .debug_abbrev  0x0000113c      0x108 ./Startup/system_XMC1100.o
 .debug_abbrev  0x00001244       0xee ./Libraries/XMCLib/src/xmc1_gpio.o
 .debug_abbrev  0x00001332      0x2f2 ./Libraries/XMCLib/src/xmc1_scu.o
 .debug_abbrev  0x00001624      0x2a5 ./Libraries/XMCLib/src/xmc_ccu4.o
 .debug_abbrev  0x000018c9      0x286 ./Libraries/XMCLib/src/xmc_uart.o
 .debug_abbrev  0x00001b4f      0x27f ./Libraries/XMCLib/src/xmc_usic.o
 .debug_abbrev  0x00001dce       0xea ./Libraries/Newlib/syscalls.o
 .debug_abbrev  0x00001eb8      0x3d9 ./FF_Main.o
 .debug_abbrev  0x00002291      0x275 ./modbus_if.o

.debug_line     0x00000000     0x3d76
 *(.debug_line)
 .debug_line    0x00000000      0x1d3 ./freemodbus-v1.5.0/port/portevent.o
 .debug_line    0x000001d3      0x2de ./freemodbus-v1.5.0/port/portserial.o
 .debug_line    0x000004b1      0x2f3 ./freemodbus-v1.5.0/port/porttimer.o
 .debug_line    0x000007a4      0x15d ./freemodbus-v1.5.0/modbus/rtu/mbcrc.o
 .debug_line    0x00000901      0x34a ./freemodbus-v1.5.0/modbus/rtu/mbrtu.o
 .debug_line    0x00000c4b      0x240 ./freemodbus-v1.5.0/modbus/functions/mbfunccoils.o
 .debug_line    0x00000e8b      0x1dd ./freemodbus-v1.5.0/modbus/functions/mbfuncdisc.o
 .debug_line    0x00001068      0x26c ./freemodbus-v1.5.0/modbus/functions/mbfuncholding.o
 .debug_line    0x000012d4      0x1d9 ./freemodbus-v1.5.0/modbus/functions/mbfuncinput.o
 .debug_line    0x000014ad      0x24b ./freemodbus-v1.5.0/modbus/functions/mbfuncother.o
 .debug_line    0x000016f8      0x1fa ./freemodbus-v1.5.0/modbus/functions/mbutils.o
 .debug_line    0x000018f2      0x3de ./freemodbus-v1.5.0/modbus/ascii/mbascii.o
 .debug_line    0x00001cd0      0x3d7 ./freemodbus-v1.5.0/modbus/mb.o
 .debug_line    0x000020a7       0xe6 ./Startup/startup_XMC1100.o
 .debug_line    0x0000218d      0x1a8 ./Startup/system_XMC1100.o
 .debug_line    0x00002335      0x17b ./Libraries/XMCLib/src/xmc1_gpio.o
 .debug_line    0x000024b0      0x4d2 ./Libraries/XMCLib/src/xmc1_scu.o
 .debug_line    0x00002982      0x4e7 ./Libraries/XMCLib/src/xmc_ccu4.o
 .debug_line    0x00002e69      0x2ab ./Libraries/XMCLib/src/xmc_uart.o
 .debug_line    0x00003114      0x33b ./Libraries/XMCLib/src/xmc_usic.o
 .debug_line    0x0000344f       0xc8 ./Libraries/Newlib/syscalls.o
 .debug_line    0x00003517      0x49e ./FF_Main.o
 .debug_line    0x000039b5      0x3c1 ./modbus_if.o

.debug_frame    0x00000000     0x1210
 *(.debug_frame)
 .debug_frame   0x00000000       0x40 ./freemodbus-v1.5.0/port/portevent.o
 .debug_frame   0x00000040       0xdc ./freemodbus-v1.5.0/port/portserial.o
 .debug_frame   0x0000011c       0x5c ./freemodbus-v1.5.0/port/porttimer.o
 .debug_frame   0x00000178       0x2c ./freemodbus-v1.5.0/modbus/rtu/mbcrc.o
 .debug_frame   0x000001a4       0xf4 ./freemodbus-v1.5.0/modbus/rtu/mbrtu.o
 .debug_frame   0x00000298       0x74 ./freemodbus-v1.5.0/modbus/functions/mbfunccoils.o
 .debug_frame   0x0000030c       0x30 ./freemodbus-v1.5.0/modbus/functions/mbfuncdisc.o
 .debug_frame   0x0000033c       0x94 ./freemodbus-v1.5.0/modbus/functions/mbfuncholding.o
 .debug_frame   0x000003d0       0x30 ./freemodbus-v1.5.0/modbus/functions/mbfuncinput.o
 .debug_frame   0x00000400       0x50 ./freemodbus-v1.5.0/modbus/functions/mbfuncother.o
 .debug_frame   0x00000450       0x60 ./freemodbus-v1.5.0/modbus/functions/mbutils.o
 .debug_frame   0x000004b0      0x128 ./freemodbus-v1.5.0/modbus/ascii/mbascii.o
 .debug_frame   0x000005d8       0xc0 ./freemodbus-v1.5.0/modbus/mb.o
 .debug_frame   0x00000698       0x74 ./Startup/system_XMC1100.o
 .debug_frame   0x0000070c       0x58 ./Libraries/XMCLib/src/xmc1_gpio.o
 .debug_frame   0x00000764      0x2f8 ./Libraries/XMCLib/src/xmc1_scu.o
 .debug_frame   0x00000a5c      0x2a4 ./Libraries/XMCLib/src/xmc_ccu4.o
 .debug_frame   0x00000d00       0xa0 ./Libraries/XMCLib/src/xmc_uart.o
 .debug_frame   0x00000da0      0x18c ./Libraries/XMCLib/src/xmc_usic.o
 .debug_frame   0x00000f2c       0x3c ./Libraries/Newlib/syscalls.o
 .debug_frame   0x00000f68       0xdc ./FF_Main.o
 .debug_frame   0x00001044      0x158 ./modbus_if.o
 .debug_frame   0x0000119c       0x20 c:/davev4-64bit/dave-4.3.2/eclipse/arm-gcc-49/bin/../lib/gcc/arm-none-eabi/4.9.3/armv6-m\libgcc.a(_udivsi3.o)
 .debug_frame   0x000011bc       0x2c c:/davev4-64bit/dave-4.3.2/eclipse/arm-gcc-49/bin/../lib/gcc/arm-none-eabi/4.9.3/../../../../arm-none-eabi/lib/armv6-m\libg_nano.a(lib_a-init.o)
 .debug_frame   0x000011e8       0x28 c:/davev4-64bit/dave-4.3.2/eclipse/arm-gcc-49/bin/../lib/gcc/arm-none-eabi/4.9.3/../../../../arm-none-eabi/lib/armv6-m\libg_nano.a(lib_a-memcpy.o)

.debug_str      0x00000000     0x5396
 *(.debug_str)
 .debug_str     0x00000000      0x218 ./freemodbus-v1.5.0/port/portevent.o
                                0x268 (size before relaxing)
 .debug_str     0x00000218     0x12a0 ./freemodbus-v1.5.0/port/portserial.o
                               0x147f (size before relaxing)
 .debug_str     0x000014b8      0x318 ./freemodbus-v1.5.0/port/porttimer.o
                                0x515 (size before relaxing)
 .debug_str     0x000017d0       0x5a ./freemodbus-v1.5.0/modbus/rtu/mbcrc.o
                                0x224 (size before relaxing)
 .debug_str     0x0000182a      0x249 ./freemodbus-v1.5.0/modbus/rtu/mbrtu.o
                                0x577 (size before relaxing)
 .debug_str     0x00001a73      0x212 ./freemodbus-v1.5.0/modbus/functions/mbfunccoils.o
                                0x433 (size before relaxing)
 .debug_str     0x00001c85       0x6c ./freemodbus-v1.5.0/modbus/functions/mbfuncdisc.o
                                0x3be (size before relaxing)
 .debug_str     0x00001cf1      0x139 ./freemodbus-v1.5.0/modbus/functions/mbfuncholding.o
                                0x4ab (size before relaxing)
 .debug_str     0x00001e2a       0x5b ./freemodbus-v1.5.0/modbus/functions/mbfuncinput.o
                                0x3af (size before relaxing)
 .debug_str     0x00001e85       0xb3 ./freemodbus-v1.5.0/modbus/functions/mbfuncother.o
                                0x3d9 (size before relaxing)
 .debug_str     0x00001f38       0xb0 ./freemodbus-v1.5.0/modbus/functions/mbutils.o
                                0x3c6 (size before relaxing)
 .debug_str     0x00001fe8      0x198 ./freemodbus-v1.5.0/modbus/ascii/mbascii.o
                                0x60d (size before relaxing)
 .debug_str     0x00002180      0x201 ./freemodbus-v1.5.0/modbus/mb.o
                                0x6a9 (size before relaxing)
 .debug_str     0x00002381      0x11a ./Startup/system_XMC1100.o
                                0x2f3 (size before relaxing)
 .debug_str     0x0000249b       0x40 ./Libraries/XMCLib/src/xmc1_gpio.o
                                0x7a5 (size before relaxing)
 .debug_str     0x000024db      0x8e9 ./Libraries/XMCLib/src/xmc1_scu.o
                                0xbbe (size before relaxing)
 .debug_str     0x00002dc4     0x1495 ./Libraries/XMCLib/src/xmc_ccu4.o
                               0x1802 (size before relaxing)
 .debug_str     0x00004259      0x24e ./Libraries/XMCLib/src/xmc_uart.o
                                0xb05 (size before relaxing)
 .debug_str     0x000044a7      0x775 ./Libraries/XMCLib/src/xmc_usic.o
                                0xe0f (size before relaxing)
 .debug_str     0x00004c1c       0x77 ./Libraries/Newlib/syscalls.o
                                0x1f2 (size before relaxing)
 .debug_str     0x00004c93      0x514 ./FF_Main.o
                               0x1d66 (size before relaxing)
 .debug_str     0x000051a7      0x1ef ./modbus_if.o
                                0x588 (size before relaxing)

.debug_loc      0x00000000     0x53e9
 *(.debug_loc)
 .debug_loc     0x00000000       0x93 ./freemodbus-v1.5.0/port/portevent.o
 .debug_loc     0x00000093      0x541 ./freemodbus-v1.5.0/port/portserial.o
 .debug_loc     0x000005d4       0x41 ./freemodbus-v1.5.0/port/porttimer.o
 .debug_loc     0x00000615       0xe8 ./freemodbus-v1.5.0/modbus/rtu/mbcrc.o
 .debug_loc     0x000006fd      0x47d ./freemodbus-v1.5.0/modbus/rtu/mbrtu.o
 .debug_loc     0x00000b7a      0x4e9 ./freemodbus-v1.5.0/modbus/functions/mbfunccoils.o
 .debug_loc     0x00001063      0x1c3 ./freemodbus-v1.5.0/modbus/functions/mbfuncdisc.o
 .debug_loc     0x00001226      0x71b ./freemodbus-v1.5.0/modbus/functions/mbfuncholding.o
 .debug_loc     0x00001941      0x1a5 ./freemodbus-v1.5.0/modbus/functions/mbfuncinput.o
 .debug_loc     0x00001ae6      0x1d8 ./freemodbus-v1.5.0/modbus/functions/mbfuncother.o
 .debug_loc     0x00001cbe      0x325 ./freemodbus-v1.5.0/modbus/functions/mbutils.o
 .debug_loc     0x00001fe3      0x578 ./freemodbus-v1.5.0/modbus/ascii/mbascii.o
 .debug_loc     0x0000255b      0x53d ./freemodbus-v1.5.0/modbus/mb.o
 .debug_loc     0x00002a98       0x60 ./Startup/system_XMC1100.o
 .debug_loc     0x00002af8       0xd0 ./Libraries/XMCLib/src/xmc1_gpio.o
 .debug_loc     0x00002bc8      0x7cd ./Libraries/XMCLib/src/xmc1_scu.o
 .debug_loc     0x00003395      0xd60 ./Libraries/XMCLib/src/xmc_ccu4.o
 .debug_loc     0x000040f5      0x303 ./Libraries/XMCLib/src/xmc_uart.o
 .debug_loc     0x000043f8      0x634 ./Libraries/XMCLib/src/xmc_usic.o
 .debug_loc     0x00004a2c       0x90 ./Libraries/Newlib/syscalls.o
 .debug_loc     0x00004abc      0x2e8 ./FF_Main.o
 .debug_loc     0x00004da4      0x645 ./modbus_if.o

.debug_macinfo
 *(.debug_macinfo)

.debug_ranges   0x00000000      0x610
 *(.debug_ranges)
 .debug_ranges  0x00000000       0x20 ./freemodbus-v1.5.0/port/portevent.o
 .debug_ranges  0x00000020       0x48 ./freemodbus-v1.5.0/port/portserial.o
 .debug_ranges  0x00000068       0x28 ./freemodbus-v1.5.0/port/porttimer.o
 .debug_ranges  0x00000090       0x10 ./freemodbus-v1.5.0/modbus/rtu/mbcrc.o
 .debug_ranges  0x000000a0       0x48 ./freemodbus-v1.5.0/modbus/rtu/mbrtu.o
 .debug_ranges  0x000000e8       0x20 ./freemodbus-v1.5.0/modbus/functions/mbfunccoils.o
 .debug_ranges  0x00000108       0x10 ./freemodbus-v1.5.0/modbus/functions/mbfuncdisc.o
 .debug_ranges  0x00000118       0x28 ./freemodbus-v1.5.0/modbus/functions/mbfuncholding.o
 .debug_ranges  0x00000140       0x10 ./freemodbus-v1.5.0/modbus/functions/mbfuncinput.o
 .debug_ranges  0x00000150       0x18 ./freemodbus-v1.5.0/modbus/functions/mbfuncother.o
 .debug_ranges  0x00000168       0x20 ./freemodbus-v1.5.0/modbus/functions/mbutils.o
 .debug_ranges  0x00000188       0x60 ./freemodbus-v1.5.0/modbus/ascii/mbascii.o
 .debug_ranges  0x000001e8       0x38 ./freemodbus-v1.5.0/modbus/mb.o
 .debug_ranges  0x00000220       0x20 ./Startup/startup_XMC1100.o
 .debug_ranges  0x00000240       0x28 ./Startup/system_XMC1100.o
 .debug_ranges  0x00000268       0x18 ./Libraries/XMCLib/src/xmc1_gpio.o
 .debug_ranges  0x00000280      0x118 ./Libraries/XMCLib/src/xmc1_scu.o
 .debug_ranges  0x00000398       0xf8 ./Libraries/XMCLib/src/xmc_ccu4.o
 .debug_ranges  0x00000490       0x40 ./Libraries/XMCLib/src/xmc_uart.o
 .debug_ranges  0x000004d0       0x70 ./Libraries/XMCLib/src/xmc_usic.o
 .debug_ranges  0x00000540       0x18 ./Libraries/Newlib/syscalls.o
 .debug_ranges  0x00000558       0x48 ./FF_Main.o
 .debug_ranges  0x000005a0       0x70 ./modbus_if.o

.debug_weaknames
 *(.debug_weaknames)

.debug_funcnames
 *(.debug_funcnames)

.debug_typenames
 *(.debug_typenames)

.debug_varnames
 *(.debug_varnames)

.build_attributes
                0x00000000      0x4eb
 *(.ARM.attributes)
 .ARM.attributes
                0x00000000       0x31 ./freemodbus-v1.5.0/port/portevent.o
 .ARM.attributes
                0x00000031       0x31 ./freemodbus-v1.5.0/port/portserial.o
 .ARM.attributes
                0x00000062       0x31 ./freemodbus-v1.5.0/port/porttimer.o
 .ARM.attributes
                0x00000093       0x31 ./freemodbus-v1.5.0/modbus/rtu/mbcrc.o
 .ARM.attributes
                0x000000c4       0x31 ./freemodbus-v1.5.0/modbus/rtu/mbrtu.o
 .ARM.attributes
                0x000000f5       0x31 ./freemodbus-v1.5.0/modbus/functions/mbfunccoils.o
 .ARM.attributes
                0x00000126       0x31 ./freemodbus-v1.5.0/modbus/functions/mbfuncdisc.o
 .ARM.attributes
                0x00000157       0x31 ./freemodbus-v1.5.0/modbus/functions/mbfuncholding.o
 .ARM.attributes
                0x00000188       0x31 ./freemodbus-v1.5.0/modbus/functions/mbfuncinput.o
 .ARM.attributes
                0x000001b9       0x31 ./freemodbus-v1.5.0/modbus/functions/mbfuncother.o
 .ARM.attributes
                0x000001ea       0x31 ./freemodbus-v1.5.0/modbus/functions/mbutils.o
 .ARM.attributes
                0x0000021b       0x31 ./freemodbus-v1.5.0/modbus/ascii/mbascii.o
 .ARM.attributes
                0x0000024c       0x31 ./freemodbus-v1.5.0/modbus/mb.o
 .ARM.attributes
                0x0000027d       0x21 ./Startup/startup_XMC1100.o
 .ARM.attributes
                0x0000029e       0x31 ./Startup/system_XMC1100.o
 .ARM.attributes
                0x000002cf       0x31 ./Libraries/XMCLib/src/xmc1_gpio.o
 .ARM.attributes
                0x00000300       0x31 ./Libraries/XMCLib/src/xmc1_scu.o
 .ARM.attributes
                0x00000331       0x31 ./Libraries/XMCLib/src/xmc_ccu4.o
 .ARM.attributes
                0x00000362       0x31 ./Libraries/XMCLib/src/xmc_uart.o
 .ARM.attributes
                0x00000393       0x31 ./Libraries/XMCLib/src/xmc_usic.o
 .ARM.attributes
                0x000003c4       0x31 ./Libraries/Newlib/syscalls.o
 .ARM.attributes
                0x000003f5       0x31 ./FF_Main.o
 .ARM.attributes
                0x00000426       0x31 ./modbus_if.o
 .ARM.attributes
                0x00000457       0x1e c:/davev4-64bit/dave-4.3.2/eclipse/arm-gcc-49/bin/../lib/gcc/arm-none-eabi/4.9.3/armv6-m\libgcc.a(_udivsi3.o)
 .ARM.attributes
                0x00000475       0x1e c:/davev4-64bit/dave-4.3.2/eclipse/arm-gcc-49/bin/../lib/gcc/arm-none-eabi/4.9.3/armv6-m\libgcc.a(_dvmd_tls.o)
 .ARM.attributes
                0x00000493       0x2c c:/davev4-64bit/dave-4.3.2/eclipse/arm-gcc-49/bin/../lib/gcc/arm-none-eabi/4.9.3/../../../../arm-none-eabi/lib/armv6-m\libg_nano.a(lib_a-init.o)
 .ARM.attributes
                0x000004bf       0x2c c:/davev4-64bit/dave-4.3.2/eclipse/arm-gcc-49/bin/../lib/gcc/arm-none-eabi/4.9.3/../../../../arm-none-eabi/lib/armv6-m\libg_nano.a(lib_a-memcpy.o)
OUTPUT(FlapFlap.elf elf32-littlearm)
